// Jest Snapshot v1, https://goo.gl/fbAQLP

exports[`WindowActions synchronous should return a UPDATE_TAB_ROWS_DATA action with correct payload 1`] = `
Object {
  "data": Object {
    "AD_Tab-1": Object {
      "changed": Object {
        "id": 1,
      },
      "removed": Object {},
    },
  },
  "scope": "master",
  "tabId": "AD_Tab-1",
}
`;
